// Jest Snapshot v1, https://goo.gl/fbAQLP

exports[`ButtonList component should render the expected snapshot 1`] = `
<div
  className="bx--btn-set"
/>
`;
